go : # github.com/Da
vid2024patton/iTaKTo
rch/pkg/torch
At line:1 char:1
+ go build -o 
itaktorch.exe 
./cmd/torch 2> 
compile_errors.txt
+ ~~~~~~~~~~~~~~~~~~
~~~~~~~~~~~~~~~~~~~~
~~~~~~~~~~~~~~~~~~~~
~
    + CategoryInfo  
            : NotS  
  pecified: (# gi   
 thub.com/Da...T    
orch/pkg/torch:    
String) [], Rem    
oteException
    + FullyQualifie 
   dErrorId : Nati  
  veCommandError
 
pkg\torch\native_ada
pter.go:91:3: 
unknown field 
TotalRequests in 
struct literal of 
type EngineStats
